[2026-07-09T19:55:01.820Z] GET http://localhost:8871/ → 200 (8ms, 20552B)
[2026-07-09T19:55:01.843Z] GET https://fonts.googleapis.com/css2?family=Cormorant+Garamond:wght@500;600;700&family=Inter:wght@400;500;600&display=swap → 200 (504ms, ?B)
[2026-07-09T19:55:01.843Z] GET http://localhost:8871/css/editorial.css → 200 (2ms, 25043B)
[2026-07-09T19:55:01.843Z] GET http://localhost:8871/images/30_bespoke_masterpiece.png → 200 (4ms, 1671671B)
[2026-07-09T19:55:01.844Z] GET http://localhost:8871/images/02_dmls_gold.png → 200 (3ms, 1640746B)
[2026-07-09T19:55:01.844Z] GET http://localhost:8871/images/04_lostwax_pattern.png → 200 (25ms, 1941344B)
[2026-07-09T19:55:01.844Z] GET http://localhost:8871/images/17_diamond_setting.png → 200 (20ms, 1770602B)
[2026-07-09T19:55:01.844Z] GET http://localhost:8871/images/21_engagement_ring.png → 200 (21ms, 1703334B)
[2026-07-09T19:55:01.844Z] GET http://localhost:8871/images/23_pendant_necklace.png → 200 (27ms, 1708526B)
[2026-07-09T19:55:01.844Z] GET http://localhost:8871/images/24_platinum_earrings.png → 200 (93ms, 1535705B)
[2026-07-09T19:55:01.845Z] GET http://localhost:8871/images/27_artdeco_bracelet.png → 200 (92ms, 1655152B)
[2026-07-09T19:55:01.845Z] GET http://localhost:8871/images/26_brooch_styled.png → 200 (134ms, 1664909B)
[2026-07-09T19:55:02.423Z] GET http://localhost:8871/network.json → 200 (406ms, 3B)
[2026-07-09T19:55:02.423Z] GET https://api.rss2json.com/v1/api.json?rss_url=https%3A%2F%2Fnews.google.com%2Frss%2Fsearch%3Fq%3D3D%2Bprinted%2Bjewelry%2Bprecious%2Bmetal%2Badditive%2Bmanufacturing%26hl%3Den-US%26gl%3DUS%26ceid%3DUS%3Aen → pending (?ms, ?B)
[2026-07-09T19:55:02.423Z] GET https://api.rss2json.com/v1/api.json?rss_url=https%3A%2F%2Fnews.google.com%2Frss%2Fsearch%3Fq%3Ddirect%2Bgold%2Bplatinum%2B3D%2Bprinting%2Bjewelry%26hl%3Den-US%26gl%3DUS%26ceid%3DUS%3Aen → pending (?ms, ?B)
[2026-07-09T19:55:02.423Z] GET https://api.rss2json.com/v1/api.json?rss_url=https%3A%2F%2Fnews.google.com%2Frss%2Fsearch%3Fq%3D3D%2Bprinted%2Bjewelry%2Blost%2Bwax%2Bcasting%2Bsetting%26hl%3Den-US%26gl%3DUS%26ceid%3DUS%3Aen → pending (?ms, ?B)
[2026-07-09T19:55:02.423Z] GET https://api.rss2json.com/v1/api.json?rss_url=https%3A%2F%2F3dprintingindustry.com%2Ffeed%2F → 200 (678ms, 16421B)
[2026-07-09T19:55:02.794Z] GET https://fonts.gstatic.com/s/cormorantgaramond/v21/co3bmX5slCNuHLi8bLeY9MK7whWMhyjYqXtK.woff2 → 200 (483ms, 37640B)
[2026-07-09T19:55:02.794Z] GET https://fonts.gstatic.com/s/inter/v20/UcC73FwrK3iLTeHuS_nVMrMxCp50SjIa1ZL7.woff2 → 200 (521ms, 48256B)
[2026-07-09T19:55:10.690Z] GET https://3dprintingindustry.com/wp-content/uploads/2026/07/Bioprinted_Liver_Tissue-150x100.jpeg → 200 (308ms, 4286B)
[2026-07-09T19:55:10.690Z] GET https://3dprintingindustry.com/wp-content/uploads/2026/07/AMAA-2026-AM-for-Aerospace-Defense-and-Space-1-150x100.png → 200 (344ms, 31903B)
[2026-07-09T19:55:10.691Z] GET https://3dprintingindustry.com/wp-content/uploads/2026/07/microfluid_device_thumbnail_25-img_1981_0-150x100.avif → 200 (338ms, 3127B)
[2026-07-09T19:55:10.694Z] GET https://3dprintingindustry.com/wp-content/uploads/2026/07/seawall-2-150x100.jpg → 200 (340ms, 5828B)
[2026-07-09T19:55:10.694Z] GET https://3dprintingindustry.com/wp-content/uploads/2026/07/AMAA-2026-AM-for-Aerospace-Defense-and-Space-150x100.png → 200 (305ms, 31903B)
[2026-07-09T19:55:10.694Z] GET https://3dprintingindustry.com/wp-content/uploads/2026/07/MX3D-150x100.png → 200 (190ms, 33192B)
[2026-07-09T19:55:10.695Z] GET https://3dprintingindustry.com/wp-content/uploads/2026/07/1783291084414-150x100.jpeg → 200 (388ms, 6274B)
[2026-07-09T19:55:10.695Z] GET https://3dprintingindustry.com/wp-content/uploads/2025/07/A-3D-printed-drones-with-Bambu-Lab-3D-printer-in-the-background.-Photo-via-the-British-Army-150x100.jpeg → 200 (385ms, 6999B)
